// Vitest Snapshot v1, https://vitest.dev/guide/snapshot.html

exports[`<Button /> > should render the <Button /> 1`] = `
<div>
  <h1
    class="text-2xl text-red-600 font-bold underline"
  >
    Button
  </h1>
</div>
`;
